// Jest Snapshot v1, https://goo.gl/fbAQLP

exports[`Test DOM test snapshot 1`] = `<div />`;
